/home/iuri/Desenvolvimento/rockbot/build//games/RockMix/images/icons_small.png
EXIT #05
/home/iuri/Desenvolvimento/rockbot/build//games/RockMix/images/icons_small.png
EXIT #05
/home/iuri/Desenvolvimento/rockbot/build//games/RockMix/images/faces/p1.png
/home/iuri/Desenvolvimento/rockbot/build//games/RockMix/images/faces/p1.png
EXIT #05
/home/iuri/Desenvolvimento/rockbot/build//games/RockMix/images/faces/p1.png
EXIT #05
/home/iuri/Desenvolvimento/rockbot/build//games/RockMix/images/faces/p1.png
EXIT #05
/home/iuri/Desenvolvimento/rockbot/build//games/RockMix/images/faces/p1.png
EXIT #05
/home/iuri/Desenvolvimento/rockbot/build//games/RockMix/images/faces/p1.png
EXIT #05
/home/iuri/Desenvolvimento/rockbot/build//games/RockMix/images/faces/p1.png
EXIT #05
/home/iuri/Desenvolvimento/rockbot/build//games/RockMix/images/faces/p1_eyes.png
EXIT #05
/home/iuri/Desenvolvimento/rockbot/build//games/RockMix//images/faces/stage_select_castle.png
EXIT #05
ERROR #21.1.0
/home/iuri/Desenvolvimento/rockbot/build//games/RockMix/images/faces/p1.png
EXIT #05
/home/iuri/Desenvolvimento/rockbot/build//games/RockMix/images/faces/p1_eyes.png
EXIT #05
/home/iuri/Desenvolvimento/rockbot/build//games/RockMix//images/faces/stage_select_castle.png
EXIT #05
ERROR #21.1.0
ERROR #21.1.0
ERROR #21.1.0
ERROR #21.1.0
ERROR #21.1.0
ERROR #21.1.0
ERROR #21.1.0
ERROR #21.1.0
ERROR #21.1.0
ERROR #21.1.0
ERROR #21.1.0
ERROR #21.1.0
ERROR #21.1.0
ERROR #21.1.0
ERROR #21.1.0
ERROR #21.1.0
ERROR #21.1.0
ERROR #21.1.0
ERROR #21.1.0
ERROR #21.1.0
ERROR #21.1.0
ERROR #21.1.0
/home/iuri/Desenvolvimento/rockbot/build//games/RockMix//images/faces/stage_select_castle.png
/home/iuri/Desenvolvimento/rockbot/build//games/RockMix/images/backgrounds/classic_style_weapon_menu.png
EXIT #05
/home/iuri/Desenvolvimento/rockbot/build//games/RockMix/images/faces/p3.png
/home/iuri/Desenvolvimento/rockbot/build//games/RockMix/images/map_backgrounds/a
